hi
prafulla@ubuntu-19-04-mr-pleasant:~/PycharmProjects/GitPro$ git init
Initialized empty Git repository in /home/prafulla/PycharmProjects/GitPro/.git/
prafulla@ubuntu-19-04-mr-pleasant:~/PycharmProjects/GitPro$ ll
total 12
drwxr-xr-x  3 prafulla prafulla 4096 Dec  5 16:21 ./
drwxrwxrwx 28 prafulla prafulla 4096 Dec  5 16:10 ../
drwxr-xr-x  7 prafulla prafulla 4096 Dec  5 16:21 .git/
prafulla@ubuntu-19-04-mr-pleasant:~/PycharmProjects/GitPro$ ls
hi
prafulla@ubuntu-19-04-mr-pleasant:~/PycharmProjects/GitPro$ git add .
prafulla@ubuntu-19-04-mr-pleasant:~/PycharmProjects/GitPro$ git status
On branch master

No commits yet

Changes to be committed:
  (use "git rm --cached <file>..." to unstage)

	new file:   hi

prafulla@ubuntu-19-04-mr-pleasant:~/PycharmProjects/GitPro$ git commit -m "Testing git"
[master (root-commit) 2b320a2] Testing git
 1 file changed, 1 insertion(+)
 create mode 100644 hi
prafulla@ubuntu-19-04-mr-pleasant:~/PycharmProjects/GitPro$ cd .git
prafulla@ubuntu-19-04-mr-pleasant:~/PycharmProjects/GitPro/.git$ ls
branches        config       HEAD   index  logs     refs
COMMIT_EDITMSG  description  hooks  info   objects
prafulla@ubuntu-19-04-mr-pleasant:~/PycharmProjects/GitPro/.git$ ll
total 52
drwxr-xr-x 8 prafulla prafulla 4096 Dec  5 16:25 ./
drwxr-xr-x 3 prafulla prafulla 4096 Dec  5 16:23 ../
drwxr-xr-x 2 prafulla prafulla 4096 Dec  5 16:21 branches/
-rw-r--r-- 1 prafulla prafulla   12 Dec  5 16:25 COMMIT_EDITMSG
-rw-r--r-- 1 prafulla prafulla   92 Dec  5 16:21 config
-rw-r--r-- 1 prafulla prafulla   73 Dec  5 16:21 description
-rw-r--r-- 1 prafulla prafulla   23 Dec  5 16:21 HEAD
drwxr-xr-x 2 prafulla prafulla 4096 Dec  5 16:21 hooks/
-rw-r--r-- 1 prafulla prafulla  137 Dec  5 16:25 index
drwxr-xr-x 2 prafulla prafulla 4096 Dec  5 16:21 info/
drwxr-xr-x 3 prafulla prafulla 4096 Dec  5 16:25 logs/
drwxr-xr-x 7 prafulla prafulla 4096 Dec  5 16:25 objects/
drwxr-xr-x 4 prafulla prafulla 4096 Dec  5 16:21 refs/
prafulla@ubuntu-19-04-mr-pleasant:~/PycharmProjects/GitPro/.git$ cd ..
prafulla@ubuntu-19-04-mr-pleasant:~/PycharmProjects/GitPro$ git remote add origin https://github.com/PNTekade/Practice.git
prafulla@ubuntu-19-04-mr-pleasant:~/PycharmProjects/GitPro$ git push -u origin master
Username for 'https://github.com': PNTekade
Password for 'https://PNTekade@github.com': 
Enumerating objects: 3, done.
Counting objects: 100% (3/3), done.
Writing objects: 100% (3/3), 208 bytes | 208.00 KiB/s, done.
Total 3 (delta 0), reused 0 (delta 0)
To https://github.com/PNTekade/Practice.git
 * [new branch]      master -> master
Branch 'master' set up to track remote branch 'master' from 'origin'.
prafulla@ubuntu-19-04-mr-pleasant:~/PycharmProjects/GitPro$ gil pull

Command 'gil' not found, did you mean:

  command 'gitl' from snap gitl (2.0.1)
  command 'gl' from deb gitless (0.8.6-4)
  command 'gio' from deb libglib2.0-bin (2.60.4-0ubuntu0.19.04.1)
  command 'gid' from deb id-utils (4.6+git20120811-4ubuntu2)
  command 'gdl' from deb gnudatalanguage (0.9.9-8build3)
  command 'gip' from deb gip (1.7.0-1-4)
  command 'gie' from deb proj-bin (5.2.0-1)
  command 'gcl' from deb gcl (2.6.12-83)
  command 'pil' from deb picolisp (18.12-1)
  command 'gol' from deb growl-for-linux (0.8.5-4)
  command 'cil' from deb cil (0.07.00-12)
  command 'uil' from deb uil (2.3.8-2build1)
  command 'gli' from deb ruby-gli (2.14.0-1)
  command 'gsl' from deb generator-scripting-language (4.1.5-3)
  command 'git' from deb git (1:2.20.1-2ubuntu1)

See 'snap info <snapname>' for additional versions.

prafulla@ubuntu-19-04-mr-pleasant:~/PycharmProjects/GitPro$ git pull
remote: Enumerating objects: 7, done.
remote: Counting objects: 100% (7/7), done.
remote: Compressing objects: 100% (4/4), done.
remote: Total 6 (delta 0), reused 6 (delta 0), pack-reused 0
Unpacking objects: 100% (6/6), done.
From https://github.com/PNTekade/Practice
   2b320a2..e68df0c  master     -> origin/master
Updating 2b320a2..e68df0c
Fast-forward
 a.txt | 1 +
 1 file changed, 1 insertion(+)
 create mode 100644 a.txt
prafulla@ubuntu-19-04-mr-pleasant:~/PycharmProjects/GitPro$ git commit -m "Changes 2 added"
On branch master
Your branch is up to date with 'origin/master'.

Changes not staged for commit:
	modified:   a.txt

Untracked files:
	a.txt~

no changes added to commit
prafulla@ubuntu-19-04-mr-pleasant:~/PycharmProjects/GitPro$ git status
On branch master
Your branch is up to date with 'origin/master'.

Changes not staged for commit:
  (use "git add <file>..." to update what will be committed)
  (use "git checkout -- <file>..." to discard changes in working directory)

	modified:   a.txt

Untracked files:
  (use "git add <file>..." to include in what will be committed)

	a.txt~

no changes added to commit (use "git add" and/or "git commit -a")
prafulla@ubuntu-19-04-mr-pleasant:~/PycharmProjects/GitPro$ git add a.txt
prafulla@ubuntu-19-04-mr-pleasant:~/PycharmProjects/GitPro$ git status
On branch master
Your branch is up to date with 'origin/master'.

Changes to be committed:
  (use "git reset HEAD <file>..." to unstage)

	modified:   a.txt

Untracked files:
  (use "git add <file>..." to include in what will be committed)

	a.txt~

prafulla@ubuntu-19-04-mr-pleasant:~/PycharmProjects/GitPro$ git add a.txt
prafulla@ubuntu-19-04-mr-pleasant:~/PycharmProjects/GitPro$ git status
On branch master
Your branch is up to date with 'origin/master'.

Changes to be committed:
  (use "git reset HEAD <file>..." to unstage)

	modified:   a.txt

Untracked files:
  (use "git add <file>..." to include in what will be committed)

	a.txt~

prafulla@ubuntu-19-04-mr-pleasant:~/PycharmProjects/GitPro$ git add .
prafulla@ubuntu-19-04-mr-pleasant:~/PycharmProjects/GitPro$ git status
On branch master
Your branch is up to date with 'origin/master'.

Changes to be committed:
  (use "git reset HEAD <file>..." to unstage)

	modified:   a.txt
	new file:   a.txt~

prafulla@ubuntu-19-04-mr-pleasant:~/PycharmProjects/GitPro$ git commit -m "Changes 2 added"
[master ed3ae58] Changes 2 added
 2 files changed, 4 insertions(+), 1 deletion(-)
 create mode 100644 a.txt~
prafulla@ubuntu-19-04-mr-pleasant:~/PycharmProjects/GitPro$ git status
On branch master
Your branch is ahead of 'origin/master' by 1 commit.
  (use "git push" to publish your local commits)

nothing to commit, working tree clean
prafulla@ubuntu-19-04-mr-pleasant:~/PycharmProjects/GitPro$ git push
Username for 'https://github.com': PNTekade
Password for 'https://PNTekade@github.com': 
Enumerating objects: 5, done.
Counting objects: 100% (5/5), done.
Delta compression using up to 2 threads
Compressing objects: 100% (2/2), done.
Writing objects: 100% (3/3), 283 bytes | 283.00 KiB/s, done.
Total 3 (delta 0), reused 0 (delta 0)
To https://github.com/PNTekade/Practice.git
   e68df0c..ed3ae58  master -> master
prafulla@ubuntu-19-04-mr-pleasant:~/PycharmProjects/GitPro$ git status
On branch master
Your branch is up to date with 'origin/master'.

nothing to commit, working tree clean
prafulla@ubuntu-19-04-mr-pleasant:~/PycharmProjects/GitPro$ ll
total 24
drwxr-xr-x  3 prafulla prafulla 4096 Dec  5 17:18 ./
drwxrwxrwx 28 prafulla prafulla 4096 Dec  5 16:10 ../
-rw-r--r--  1 prafulla prafulla   19 Dec  5 17:18 a.txt
-rw-r--r--  1 prafulla prafulla   19 Dec  5 17:17 a.txt~
drwxr-xr-x  8 prafulla prafulla 4096 Dec  5 17:21 .git/
-rw-r--r--  1 prafulla prafulla    3 Dec  5 16:23 hi
prafulla@ubuntu-19-04-mr-pleasant:~/PycharmProjects/GitPro$ git status
On branch master
Your branch is up to date with 'origin/master'.

nothing to commit, working tree clean
prafulla@ubuntu-19-04-mr-pleasant:~/PycharmProjects/GitPro$ git pull
remote: Enumerating objects: 13, done.
remote: Counting objects: 100% (13/13), done.
remote: Compressing objects: 100% (7/7), done.
remote: Total 9 (delta 0), reused 9 (delta 0), pack-reused 0
Unpacking objects: 100% (9/9), done.
From https://github.com/PNTekade/Practice
   ed3ae58..3b3a9c9  master     -> origin/master
Updating ed3ae58..3b3a9c9
Fast-forward
 a.txt | 370 +++++++++++++++++++++++++++++++++++++++++++++++++++++++++++++++++-
 1 file changed, 369 insertions(+), 1 deletion(-)
prafulla@ubuntu-19-04-mr-pleasant:~/PycharmProjects/GitPro$ git status
On branch master
Your branch is up to date with 'origin/master'.

nothing to commit, working tree clean
prafulla@ubuntu-19-04-mr-pleasant:~/PycharmProjects/GitPro$ 

